---
source: tui/src/model_migration.rs
assertion_line: 532
expression: terminal.backend()
---

> 云熙专利智能体刚刚升级。 gpt-5.1-codex-mini.

  We recommend switching from gpt-5-codex-mini to
  gpt-5.1-codex-mini.

  Optimized for codex. Cheaper, faster, but less capable.
  Learn more about gpt-5.1-codex-mini at
  https://www.codex.com/models/gpt-5.1-codex-mini

  Press enter to continue
