---
source: tui/src/app/tests.rs
assertion_line: 3731
expression: rendered
---
╭─────────────────────────────────────────────╮
│ 🌸 云熙 (v<VERSION>)                        │
│                                             │
│ model:     gpt-5.4 xhigh   /model to change │
│ directory: /tmp/project                     │
╰─────────────────────────────────────────────╯
