---
source: tui/src/app/tests/model_catalog.rs
assertion_line: 413
expression: model_migration_copy_to_plain_text(&copy)
---
云熙专利智能体刚刚升级。 DeepSeek V4 Pro.

We recommend switching from kimi-for-coding to deepseek-v4-pro.

DeepSeek V4 Pro for general coding tasks.

You can continue using kimi-for-coding if you prefer.
