---
source: tui/src/bottom_pane/chat_composer.rs
assertion_line: 7511
expression: terminal.backend()
---
"                                                                                                    "
"› [Pasted ~1005 chars]                                                                              "
"                                                                                                    "
"                                                                                                    "
"                                                                                                    "
"                                                                                                    "
"                                                                                                    "
"                                                                                                    "
"                                                                                                    "
"                                                                                 100% context left  "
