---
source: tui/src/bottom_pane/approval_overlay.rs
assertion_line: 1555
expression: "render_overlay_lines(&view, 80)"
---

  Would you like to run the following command?

  Thread: Robie [explorer]

  $ echo hi

› 1. Yes, proceed (y)
  2. 不 ， 并 告 知 云 熙 专 利 智 能 体 如 何 改 进  (esc)

  Press enter to confirm or esc to cancel or o to open thread
