---
source: tui/src/bottom_pane/mod.rs
assertion_line: 2421
expression: "render_snapshot(&pane, area)"
---
• Working (0s • esc to interrupt)               
  └ First detail line                           
    Second detail line                          
                                                
• Queued follow-up inputs                       
  ↳ Queued follow-up question                   
    ⌥ + ↑ edit last queued message              
                                                
› 向 云 熙 专 利 智 能 体 提 出 任 何 需 求                   
                                                
  ? for shortcuts            100% context left
