---
source: tui/src/bottom_pane/list_selection_view.rs
expression: render_lines(&view)
---
                                                
  Select Approval Mode                          
  Switch between BCIP approval presets         
                                                
› 1. Read Only (current)  BCIP can read files  
  2. Full Access          BCIP can edit files  
                                                
  Press enter to confirm or esc to go back
