---
source: tui/src/bottom_pane/chat_composer.rs
assertion_line: 7511
expression: terminal.backend()
---
"                                                                                                    "
"› [Pasted ~1003 chars][Pasted ~1007 chars] another short paste                                      "
"                                                                                                    "
"                                                                                                    "
"                                                                                                    "
"                                                                                                    "
"                                                                                                    "
"                                                                                                    "
"                                                                                                    "
"                                                                                 100% context left  "
