---
source: tui/src/bottom_pane/list_selection_view.rs
assertion_line: 1536
expression: render_lines(&view)
---
                                                
  Select Approval Mode                          
  切 换 云 熙 专 利 智 能 体 审 批 预 设                     
                                                
› 1. Read Only (current)  云 熙 专 利 智 能 体 可 读 取   
                          文 件                   
  2. Full Access          云 熙 专 利 智 能 体 可 编 辑   
                          文 件                   
                                                
  Press enter to confirm or esc to go back
