---
source: tui/src/chatwidget/tests/exec_flow.rs
assertion_line: 1163
expression: terminal.backend().vt100().screen().contents()
---


  Would you like to run the following command?

  $ echo hello world

› 1. Yes, proceed (y)
  2. Yes, and don't ask again for commands that start with `echo hello world` (p)
  3. 不，并告知云熙专利智能体如何改进 (esc)

  Press enter to confirm or esc to cancel
