---
source: tui/src/chatwidget/tests/exec_flow.rs
assertion_line: 693
expression: combined
---
• Ran echo preparing
  └ preparing

────────────────────────────────────────────────────────────────────────────────

› Final response.

─ Worked for 2m 05s ────────────────────────────────────────────────────────────
