---
source: tui/src/chatwidget/tests/popups_and_settings.rs
assertion_line: 2364
expression: popup
---
  Select Reasoning Level for glm-5.1

› 1. Low               Fast responses
  2. Medium (default)  Balanced reasoning
  3. High              Deep reasoning for complex problems

  Press enter to confirm or esc to go back
