---
source: tui/src/chatwidget/tests/exec_flow.rs
assertion_line: 241
expression: normalized_backend_snapshot(terminal.backend())
---
"                                                                                "
"• Working (0s • esc to interrupt)                                               "
"                                                                                "
"                                                                                "
"› Ask 云熙 to do anything                                                       " Hidden by multi-width symbols: [(7, " "), (9, " ")]
"                                                                                "
"  deepseek-v4-pro default · /tmp/project                                        "
