---
source: tui/src/chatwidget/tests/side.rs
assertion_line: 422
expression: terminal.backend()
---
"                                                                                "
"                                                                                "
"› Check recently modified functions for compatibility                           "
"                                                                                "
"  deepseek-v4-pro… Side from main thread · main needs input · Ctrl+C to return  "
