---
source: tui/src/chatwidget/tests/mcp_startup.rs
assertion_line: 162
expression: normalize_snapshot_paths(term.backend().vt100().screen().contents())
---



⚠ MCP client for `alpha` failed to start: handshake failed
⚠ MCP startup incomplete (failed: alpha)


› Ask 云熙 to do anything

  deepseek-v4-pro default · /tmp/project
