---
source: tui/src/chatwidget/tests/mcp_startup.rs
assertion_line: 39
expression: normalized_backend_snapshot(terminal.backend())
---
"                                                                                "
"• Booting MCP server: alpha (0s • esc to interrupt)                             "
"                                                                                "
"                                                                                "
"› Ask 云熙 to do anything                                                       " Hidden by multi-width symbols: [(7, " "), (9, " ")]
"                                                                                "
"  deepseek-v4-pro default · /tmp/project                                        "
