---
source: tui/src/chatwidget/tests/status_and_layout.rs
assertion_line: 1863
expression: normalized_backend_snapshot(terminal.backend())
---
"                                                                                "
"• Analyzing (0s • esc to interrupt)                                             "
"                                                                                "
"                                                                                "
"› Ask 云熙 to do anything                                                       " Hidden by multi-width symbols: [(7, " "), (9, " ")]
"                                                                                "
"  deepseek-v4-pro default · /tmp/project                                        "
