---
source: tui/src/chatwidget/tests/status_and_layout.rs
assertion_line: 2263
expression: normalized_backend_snapshot(terminal.backend())
---
"                                                                                "
"                                                                                "
"› Ask 云熙 to do anything                                                       " Hidden by multi-width symbols: [(7, " "), (9, " ")]
"                                                                                "
"  kimi-for-coding medium                        Plan mode (shift+tab to cycle)  "
