---
source: tui/src/chatwidget/tests/guardian.rs
assertion_line: 548
expression: normalize_snapshot_paths(rendered)
---
• Reviewing 2 approval requests (0s • esc to interrupt)
  └ • rm -rf '/tmp/guardian target 1'
    • rm -rf '/tmp/guardian target 2'


› Ask 云 熙  to do anything

  deepseek-v4-pro default · /tmp/project
