---
source: tui/src/chatwidget/tests/popups_and_settings.rs
assertion_line: 239
expression: popup
---
  Plugins
  Browse plugins from available marketplaces.
  Installed 1 of 4 available plugins.

  [All Plugins]  Installed (1)  云 熙 专 利 智 能 体 精 选   Repo Marketplace  Add Marketplace

  Type to search plugins
› [ ] Alpha Sync          Disabled    Space to enable; Enter view details.
  [-] Bravo Search        Available · ChatGPT Marketplace · Search docs and tickets.
  [-] Hidden Repo Plugin  Available · Repo Marketplace · Should not be shown in /plugins.
  [-] Starter             Available · ChatGPT Marketplace · Included by default.

  space enable/disable · ←/→ select marketplace · enter view details · esc close
