---
source: tui/src/history_cell.rs
expression: rendered
---
╭───────────────────────────────────────╮
│ 🌸 云熙 (vtest)                       │
│                                       │
│ model:       gpt-5   /model to change │
│ directory:   /tmp/project             │
│ permissions: YOLO mode                │
╰───────────────────────────────────────╯
